** Drc report for /home/tobias/Documents/kicad/hardpass-pcb/hardpass-pcb.kicad_pcb **
** Created on 2016-08-20 16:14:00 **

** Found 0 DRC errors **

** Found 15 unconnected pads **
ErrType(2): Unconnected pads
    @ (127,270 mm,136,130 mm): Pad 1 on B.Cu, Non-copper of P1 net +3V3
    @ (131,000 mm,127,550 mm): Pad 8 on B.Cu, Non-copper of U2
ErrType(2): Unconnected pads
    @ (127,270 mm,128,510 mm): Pad 7 on B.Cu, Non-copper of P1 net ESP_CHPD
    @ (131,000 mm,137,550 mm): Pad 3 on B.Cu, Non-copper of U2
ErrType(2): Unconnected pads
    @ (127,270 mm,120,890 mm): Pad 13 on B.Cu, Non-copper of P1 net SD_D3
    @ (173,875 mm,78,425 mm): Pad 2 on B.Cu, Non-copper of R15
ErrType(2): Unconnected pads
    @ (127,270 mm,118,350 mm): Pad 15 on B.Cu, Non-copper of P1 net ESP_CLK
    @ (178,875 mm,78,425 mm): Pad 2 on B.Cu, Non-copper of R17
ErrType(2): Unconnected pads
    @ (166,375 mm,78,425 mm): Pad 2 on B.Cu, Non-copper of R12 net SD_CMD
    @ (124,730 mm,118,350 mm): Pad 16 on B.Cu, Non-copper of P1
ErrType(2): Unconnected pads
    @ (124,730 mm,115,810 mm): Pad 18 on B.Cu, Non-copper of P1 net SD_D0
    @ (168,875 mm,78,425 mm): Pad 2 on B.Cu, Non-copper of R13
ErrType(2): Unconnected pads
    @ (176,375 mm,78,425 mm): Pad 2 on B.Cu, Non-copper of R16 net SD_D1
    @ (124,730 mm,110,730 mm): Pad 22 on B.Cu, Non-copper of P1
ErrType(2): Unconnected pads
    @ (127,270 mm,90,410 mm): Pad 37 on B.Cu, Non-copper of P1 net SD_D2
    @ (171,375 mm,78,425 mm): Pad 2 on B.Cu, Non-copper of R14
ErrType(2): Unconnected pads
    @ (151,575 mm,137,450 mm): Pad 2 on F.Cu, Non-copper of SW12 net ROW_4
    @ (143,625 mm,137,450 mm): Pad 2 on F.Cu, Non-copper of SW12
ErrType(2): Unconnected pads
    @ (132,990 mm,125,800 mm): Pad 9 on B.Cu, Non-copper of U2 net Net-(R12-Pad1)
    @ (166,375 mm,81,325 mm): Pad 1 on B.Cu, Non-copper of R12
ErrType(2): Unconnected pads
    @ (168,875 mm,81,325 mm): Pad 1 on B.Cu, Non-copper of R13 net Net-(R13-Pad1)
    @ (134,990 mm,125,800 mm): Pad 10 on B.Cu, Non-copper of U2
ErrType(2): Unconnected pads
    @ (171,375 mm,81,325 mm): Pad 1 on B.Cu, Non-copper of R14 net Net-(R14-Pad1)
    @ (136,990 mm,125,800 mm): Pad 11 on B.Cu, Non-copper of U2
ErrType(2): Unconnected pads
    @ (173,875 mm,81,325 mm): Pad 1 on B.Cu, Non-copper of R15 net Net-(R15-Pad1)
    @ (138,990 mm,125,800 mm): Pad 12 on B.Cu, Non-copper of U2
ErrType(2): Unconnected pads
    @ (176,375 mm,81,325 mm): Pad 1 on B.Cu, Non-copper of R16 net Net-(R16-Pad1)
    @ (140,990 mm,125,800 mm): Pad 13 on B.Cu, Non-copper of U2
ErrType(2): Unconnected pads
    @ (178,875 mm,81,325 mm): Pad 1 on B.Cu, Non-copper of R17 net Net-(R17-Pad1)
    @ (142,990 mm,125,800 mm): Pad 14 on B.Cu, Non-copper of U2

** End of Report **
